Invalid Result
Invalid Result
Invalid Result
Invalid Result
Invalid Result
Exiting...
