res = 2.00
res = 1.00
res = 0.00
res = 1.00
res = 63.35
res = 5.00
res = 2.00
res = 11.00
res = 7.00
res = 10.00
res = 3.00
res = 3.00
res = 2.50
res = 2.00
res = 2.50
Invalid Result
a = 5.00
res = 7.00
b = 14.00
res = 14.00
Invalid Result
c = 3.00
res = 47.00
Exiting...
