res = 16.00
res = 6.27
res = 0.00
res = 30.00
res = 104.00
res = 55.00
res = 55.00
res = 12.00
res = 18.00
res = 66.33
res = 2.00
res = -7.00
res = -10.00
res = -0.25
res = -0.25
res = -0.25
res = 0.00
res = 5.00
res = 8.00
res = 2.00
res = 0.00
res = 0.00
res = 1.00
res = -1.00
Exiting...
